Godot Engine v4.7.2.stable.steam.ed1daf0bf - https://godotengine.org

[GameData] items=175 (การ์ด 30) monsters=30 (รอเรียก) skills=8 jobs=2 เควส=31
[Map] root_road ปรับขอบตามภาพฉาก: x -100..5100 → -60..5060 · y -200..1100 → -200..1100
[Map] root_road อุ่นเครื่อง auto-fit 34 ท่า
MAP_VERIFIED: root_road floor=880.0 monsters=2
[Map] vanir_town ปรับขอบตามภาพฉาก: x -100..3900 → -60..3860 · y -200..1000 → -200..1000
WARNING: res://scenes/maps/silver_marsh.tscn:7 - ext_resource, invalid UID: uid://bkss2dk7w66j7 - using text path instead: res://data/monsters/bog_lurker.tres
   at: load (scene/resources/resource_format_text.cpp:501)
   GDScript backtrace (most recent call first):
       [0] _ready (res://chapter3_map_test.gd:166)
       [1] finish_dialogue (res://chapter3_map_test.gd:32)
WARNING: res://scenes/maps/silver_marsh.tscn:8 - ext_resource, invalid UID: uid://dssyvrkgijv50 - using text path instead: res://data/monsters/mist_sprite.tres
   at: load (scene/resources/resource_format_text.cpp:501)
   GDScript backtrace (most recent call first):
       [0] _ready (res://chapter3_map_test.gd:166)
       [1] finish_dialogue (res://chapter3_map_test.gd:32)
MAP_VERIFIED: vanir_town floor=880.0 monsters=0
WARNING: res://scenes/maps/silver_marsh.tscn:7 - ext_resource, invalid UID: uid://bkss2dk7w66j7 - using text path instead: res://data/monsters/bog_lurker.tres
   at: load (scene/resources/resource_format_text.cpp:501)
   GDScript backtrace (most recent call first):
       [0] _ready (res://chapter3_map_test.gd:44)
WARNING: res://scenes/maps/silver_marsh.tscn:8 - ext_resource, invalid UID: uid://dssyvrkgijv50 - using text path instead: res://data/monsters/mist_sprite.tres
   at: load (scene/resources/resource_format_text.cpp:501)
   GDScript backtrace (most recent call first):
       [0] _ready (res://chapter3_map_test.gd:44)
[Map] silver_marsh ปรับขอบตามภาพฉาก: x -100..5300 → -60..5260 · y -200..1200 → -200..1200
WARNING: res://scenes/maps/withered_grove.tscn:8 - ext_resource, invalid UID: uid://btqor5t22v4hk - using text path instead: res://data/monsters/vanir_sentinel.tres
   at: load (scene/resources/resource_format_text.cpp:501)
   GDScript backtrace (most recent call first):
       [0] _ready (res://chapter3_map_test.gd:166)
       [1] settle (res://chapter3_map_test.gd:26)
WARNING: res://scenes/maps/withered_grove.tscn:9 - ext_resource, invalid UID: uid://dvl5xlx54q181 - using text path instead: res://data/monsters/withered_treant.tres
   at: load (scene/resources/resource_format_text.cpp:501)
   GDScript backtrace (most recent call first):
       [0] _ready (res://chapter3_map_test.gd:166)
       [1] settle (res://chapter3_map_test.gd:26)
MAP_VERIFIED: silver_marsh floor=900.0 monsters=2
WARNING: res://scenes/maps/withered_grove.tscn:8 - ext_resource, invalid UID: uid://btqor5t22v4hk - using text path instead: res://data/monsters/vanir_sentinel.tres
   at: load (scene/resources/resource_format_text.cpp:501)
   GDScript backtrace (most recent call first):
       [0] _ready (res://chapter3_map_test.gd:44)
WARNING: res://scenes/maps/withered_grove.tscn:9 - ext_resource, invalid UID: uid://dvl5xlx54q181 - using text path instead: res://data/monsters/withered_treant.tres
   at: load (scene/resources/resource_format_text.cpp:501)
   GDScript backtrace (most recent call first):
       [0] _ready (res://chapter3_map_test.gd:44)
[Map] withered_grove ปรับขอบตามภาพฉาก: x -100..5100 → -60..5060 · y -200..1200 → -200..1200
WARNING: res://scenes/maps/silver_marsh.tscn:7 - ext_resource, invalid UID: uid://bkss2dk7w66j7 - using text path instead: res://data/monsters/bog_lurker.tres
   at: load (scene/resources/resource_format_text.cpp:501)
   GDScript backtrace (most recent call first):
       [0] _ready (res://chapter3_map_test.gd:166)
       [1] finish_dialogue (res://chapter3_map_test.gd:32)
WARNING: res://scenes/maps/silver_marsh.tscn:8 - ext_resource, invalid UID: uid://dssyvrkgijv50 - using text path instead: res://data/monsters/mist_sprite.tres
   at: load (scene/resources/resource_format_text.cpp:501)
   GDScript backtrace (most recent call first):
       [0] _ready (res://chapter3_map_test.gd:166)
       [1] finish_dialogue (res://chapter3_map_test.gd:32)
MAP_VERIFIED: withered_grove floor=900.0 monsters=2
[Map] forgotten_battlefield ปรับขอบตามภาพฉาก: x -100..5500 → -60..5460 · y -200..1200 → -200..1200
WARNING: res://scenes/maps/withered_grove.tscn:8 - ext_resource, invalid UID: uid://btqor5t22v4hk - using text path instead: res://data/monsters/vanir_sentinel.tres
   at: load (scene/resources/resource_format_text.cpp:501)
   GDScript backtrace (most recent call first):
       [0] _ready (res://chapter3_map_test.gd:166)
       [1] finish_dialogue (res://chapter3_map_test.gd:32)
WARNING: res://scenes/maps/withered_grove.tscn:9 - ext_resource, invalid UID: uid://dvl5xlx54q181 - using text path instead: res://data/monsters/withered_treant.tres
   at: load (scene/resources/resource_format_text.cpp:501)
   GDScript backtrace (most recent call first):
       [0] _ready (res://chapter3_map_test.gd:166)
       [1] finish_dialogue (res://chapter3_map_test.gd:32)
MAP_VERIFIED: forgotten_battlefield floor=900.0 monsters=2
[Map] spring_of_life ปรับขอบตามภาพฉาก: x -100..3300 → -60..3260 · y -200..1100 → -200..1100
MAP_VERIFIED: spring_of_life floor=880.0 monsters=1
[Map] dark_forest_2 ปรับขอบตามภาพฉาก: x -85..4315 → -45..4275 · y -104..917 → -104..917
MAP_VERIFIED: dark_forest_2 floor=659.5 monsters=4
[Map] nidavellir_town ปรับขอบตามภาพฉาก: x -100..5500 → -60..5460 · y -13..1187 → -13..1187
MAP_VERIFIED: nidavellir_town floor=943.0 monsters=0
WARNING: res://scenes/maps/silver_marsh.tscn:7 - ext_resource, invalid UID: uid://bkss2dk7w66j7 - using text path instead: res://data/monsters/bog_lurker.tres
   at: load (scene/resources/resource_format_text.cpp:501)
   GDScript backtrace (most recent call first):
       [0] _ready (res://chapter3_map_test.gd:187)
WARNING: res://scenes/maps/silver_marsh.tscn:8 - ext_resource, invalid UID: uid://dssyvrkgijv50 - using text path instead: res://data/monsters/mist_sprite.tres
   at: load (scene/resources/resource_format_text.cpp:501)
   GDScript backtrace (most recent call first):
       [0] _ready (res://chapter3_map_test.gd:187)
WARNING: res://scenes/maps/withered_grove.tscn:8 - ext_resource, invalid UID: uid://btqor5t22v4hk - using text path instead: res://data/monsters/vanir_sentinel.tres
   at: load (scene/resources/resource_format_text.cpp:501)
   GDScript backtrace (most recent call first):
       [0] _ready (res://chapter3_map_test.gd:187)
WARNING: res://scenes/maps/withered_grove.tscn:9 - ext_resource, invalid UID: uid://dvl5xlx54q181 - using text path instead: res://data/monsters/withered_treant.tres
   at: load (scene/resources/resource_format_text.cpp:501)
   GDScript backtrace (most recent call first):
       [0] _ready (res://chapter3_map_test.gd:187)
CHAPTER3_MAP_TEST: 8 maps, seams, no player jump, player/monster feet, NPC reach, lore events, boss gate and all maps without platforms; 0 failures
